// Vitest Snapshot v1, https://vitest.dev/guide/snapshot.html

exports[`PeopleFeed > Snapshot test - renders consistently 1`] = `
<DocumentFragment>
  <div
    class="MuiBox-root css-1ngcugk"
  >
    <div
      class="MuiBox-root css-8atqhb"
    >
      <div
        class="MuiPaper-root MuiPaper-elevation MuiPaper-rounded MuiPaper-elevation1 MuiCard-root css-f81hp0-MuiPaper-root-MuiCard-root"
        style="--Paper-shadow: 0px 2px 1px -1px rgba(0,0,0,0.2),0px 1px 1px 0px rgba(0,0,0,0.14),0px 1px 3px 0px rgba(0,0,0,0.12);"
      >
        <a
          class="MuiButtonBase-root MuiCardActionArea-root css-fdygbf-MuiButtonBase-root-MuiCardActionArea-root"
          href="/profile/2"
          tabindex="0"
        >
          <div
            class="MuiAvatar-root MuiAvatar-circular MuiAvatar-colorDefault css-1azkyqt-MuiAvatar-root"
          >
            J
          </div>
          <div
            class="MuiCardContent-root css-5jijkt-MuiCardContent-root"
          >
            <h6
              class="MuiTypography-root MuiTypography-h6 css-h9fkkg-MuiTypography-root"
            >
              Jake Thompson
            </h6>
            <h6
              class="MuiTypography-root MuiTypography-subtitle2 css-1x0mq5c-MuiTypography-root"
            >
              @jakerides
            </h6>
            <p
              class="MuiTypography-root MuiTypography-body2 css-1f1l9zo-MuiTypography-root"
            >
              Alpine skier, all-mountain enthusiast
            </p>
            <div
              class="MuiBox-root css-19bkcg9"
            >
              <div
                class="MuiChip-root MuiChip-outlined MuiChip-sizeSmall MuiChip-colorDefault MuiChip-outlinedDefault css-120anyj-MuiChip-root"
              >
                <span
                  class="MuiChip-label MuiChip-labelSmall css-19m61dl-MuiChip-label"
                >
                  Sugarbush
                </span>
              </div>
            </div>
          </div>
          <span
            class="MuiCardActionArea-focusHighlight css-1h5un5t-MuiCardActionArea-focusHighlight"
          />
        </a>
      </div>
    </div>
    <div
      class="MuiBox-root css-8atqhb"
    >
      <div
        class="MuiPaper-root MuiPaper-elevation MuiPaper-rounded MuiPaper-elevation1 MuiCard-root css-f81hp0-MuiPaper-root-MuiCard-root"
        style="--Paper-shadow: 0px 2px 1px -1px rgba(0,0,0,0.2),0px 1px 1px 0px rgba(0,0,0,0.14),0px 1px 3px 0px rgba(0,0,0,0.12);"
      >
        <a
          class="MuiButtonBase-root MuiCardActionArea-root css-fdygbf-MuiButtonBase-root-MuiCardActionArea-root"
          href="/profile/3"
          tabindex="0"
        >
          <div
            class="MuiAvatar-root MuiAvatar-circular MuiAvatar-colorDefault css-1azkyqt-MuiAvatar-root"
          >
            M
          </div>
          <div
            class="MuiCardContent-root css-5jijkt-MuiCardContent-root"
          >
            <h6
              class="MuiTypography-root MuiTypography-h6 css-h9fkkg-MuiTypography-root"
            >
              Maya Patel
            </h6>
          </div>
          <span
            class="MuiCardActionArea-focusHighlight css-1h5un5t-MuiCardActionArea-focusHighlight"
          />
        </a>
      </div>
    </div>
    <div
      class="MuiBox-root css-8atqhb"
    >
      <div
        class="MuiPaper-root MuiPaper-elevation MuiPaper-rounded MuiPaper-elevation1 MuiCard-root css-f81hp0-MuiPaper-root-MuiCard-root"
        style="--Paper-shadow: 0px 2px 1px -1px rgba(0,0,0,0.2),0px 1px 1px 0px rgba(0,0,0,0.14),0px 1px 3px 0px rgba(0,0,0,0.12);"
      >
        <a
          class="MuiButtonBase-root MuiCardActionArea-root css-fdygbf-MuiButtonBase-root-MuiCardActionArea-root"
          href="/profile/1"
          tabindex="0"
        >
          <div
            class="MuiAvatar-root MuiAvatar-circular MuiAvatar-colorDefault css-1azkyqt-MuiAvatar-root"
          >
            S
          </div>
          <div
            class="MuiCardContent-root css-5jijkt-MuiCardContent-root"
          >
            <h6
              class="MuiTypography-root MuiTypography-h6 css-h9fkkg-MuiTypography-root"
            >
              Sophie Martinez
            </h6>
            <h6
              class="MuiTypography-root MuiTypography-subtitle2 css-1x0mq5c-MuiTypography-root"
            >
              @sophieshreds
            </h6>
            <p
              class="MuiTypography-root MuiTypography-body2 css-1f1l9zo-MuiTypography-root"
            >
              Snowboarder who loves park features
            </p>
            <div
              class="MuiBox-root css-19bkcg9"
            >
              <div
                class="MuiChip-root MuiChip-outlined MuiChip-sizeSmall MuiChip-colorDefault MuiChip-outlinedDefault css-120anyj-MuiChip-root"
              >
                <span
                  class="MuiChip-label MuiChip-labelSmall css-19m61dl-MuiChip-label"
                >
                  Snowbowl
                </span>
              </div>
              <div
                class="MuiChip-root MuiChip-outlined MuiChip-sizeSmall MuiChip-colorDefault MuiChip-outlinedDefault css-120anyj-MuiChip-root"
              >
                <span
                  class="MuiChip-label MuiChip-labelSmall css-19m61dl-MuiChip-label"
                >
                  Park
                </span>
              </div>
            </div>
          </div>
          <span
            class="MuiCardActionArea-focusHighlight css-1h5un5t-MuiCardActionArea-focusHighlight"
          />
        </a>
      </div>
    </div>
  </div>
</DocumentFragment>
`;
